mode: set
C:\Users\CarlosAlbertoAcevesC\Desktop\HCP FUZZ\HCP_Fuzzing\results_server.go:39.46,39.61 1 1
C:\Users\CarlosAlbertoAcevesC\Desktop\HCP FUZZ\HCP_Fuzzing\results_server.go:67.47,69.29 2 1
C:\Users\CarlosAlbertoAcevesC\Desktop\HCP FUZZ\HCP_Fuzzing\results_server.go:69.29,71.3 1 1
C:\Users\CarlosAlbertoAcevesC\Desktop\HCP FUZZ\HCP_Fuzzing\results_server.go:72.2,72.38 1 1
C:\Users\CarlosAlbertoAcevesC\Desktop\HCP FUZZ\HCP_Fuzzing\results_server.go:72.38,74.3 1 1
C:\Users\CarlosAlbertoAcevesC\Desktop\HCP FUZZ\HCP_Fuzzing\results_server.go:75.2,78.76 4 1
C:\Users\CarlosAlbertoAcevesC\Desktop\HCP FUZZ\HCP_Fuzzing\results_server.go:78.76,80.3 1 0
C:\Users\CarlosAlbertoAcevesC\Desktop\HCP FUZZ\HCP_Fuzzing\results_server.go:81.2,81.22 1 1
C:\Users\CarlosAlbertoAcevesC\Desktop\HCP FUZZ\HCP_Fuzzing\results_server.go:84.68,88.2 3 1
C:\Users\CarlosAlbertoAcevesC\Desktop\HCP FUZZ\HCP_Fuzzing\results_server.go:94.30,97.26 3 1
C:\Users\CarlosAlbertoAcevesC\Desktop\HCP FUZZ\HCP_Fuzzing\results_server.go:97.26,99.3 1 1
C:\Users\CarlosAlbertoAcevesC\Desktop\HCP FUZZ\HCP_Fuzzing\results_server.go:100.2,100.21 1 1
C:\Users\CarlosAlbertoAcevesC\Desktop\HCP FUZZ\HCP_Fuzzing\results_server.go:100.21,102.3 1 1
C:\Users\CarlosAlbertoAcevesC\Desktop\HCP FUZZ\HCP_Fuzzing\results_server.go:103.2,103.14 1 1
C:\Users\CarlosAlbertoAcevesC\Desktop\HCP FUZZ\HCP_Fuzzing\results_server.go:106.29,109.26 3 1
C:\Users\CarlosAlbertoAcevesC\Desktop\HCP FUZZ\HCP_Fuzzing\results_server.go:109.26,111.30 2 1
C:\Users\CarlosAlbertoAcevesC\Desktop\HCP FUZZ\HCP_Fuzzing\results_server.go:111.30,113.4 1 1
C:\Users\CarlosAlbertoAcevesC\Desktop\HCP FUZZ\HCP_Fuzzing\results_server.go:115.2,115.14 1 1
C:\Users\CarlosAlbertoAcevesC\Desktop\HCP FUZZ\HCP_Fuzzing\results_server.go:118.28,121.16 3 1
C:\Users\CarlosAlbertoAcevesC\Desktop\HCP FUZZ\HCP_Fuzzing\results_server.go:121.16,123.3 1 1
C:\Users\CarlosAlbertoAcevesC\Desktop\HCP FUZZ\HCP_Fuzzing\results_server.go:124.2,124.20 1 0
C:\Users\CarlosAlbertoAcevesC\Desktop\HCP FUZZ\HCP_Fuzzing\results_server.go:127.50,128.24 1 1
C:\Users\CarlosAlbertoAcevesC\Desktop\HCP FUZZ\HCP_Fuzzing\results_server.go:128.24,130.3 1 1
C:\Users\CarlosAlbertoAcevesC\Desktop\HCP FUZZ\HCP_Fuzzing\results_server.go:131.2,133.16 3 1
C:\Users\CarlosAlbertoAcevesC\Desktop\HCP FUZZ\HCP_Fuzzing\results_server.go:133.16,135.3 1 1
C:\Users\CarlosAlbertoAcevesC\Desktop\HCP FUZZ\HCP_Fuzzing\results_server.go:136.2,138.21 3 1
C:\Users\CarlosAlbertoAcevesC\Desktop\HCP FUZZ\HCP_Fuzzing\results_server.go:138.21,140.3 1 1
C:\Users\CarlosAlbertoAcevesC\Desktop\HCP FUZZ\HCP_Fuzzing\results_server.go:141.2,145.29 4 1
C:\Users\CarlosAlbertoAcevesC\Desktop\HCP FUZZ\HCP_Fuzzing\results_server.go:145.29,148.16 3 1
C:\Users\CarlosAlbertoAcevesC\Desktop\HCP FUZZ\HCP_Fuzzing\results_server.go:148.16,150.4 1 1
C:\Users\CarlosAlbertoAcevesC\Desktop\HCP FUZZ\HCP_Fuzzing\results_server.go:151.3,151.12 1 1
C:\Users\CarlosAlbertoAcevesC\Desktop\HCP FUZZ\HCP_Fuzzing\results_server.go:153.2,153.25 1 1
C:\Users\CarlosAlbertoAcevesC\Desktop\HCP FUZZ\HCP_Fuzzing\results_server.go:156.36,157.13 1 1
C:\Users\CarlosAlbertoAcevesC\Desktop\HCP FUZZ\HCP_Fuzzing\results_server.go:157.13,157.27 1 1
C:\Users\CarlosAlbertoAcevesC\Desktop\HCP FUZZ\HCP_Fuzzing\results_server.go:158.2,160.26 3 1
C:\Users\CarlosAlbertoAcevesC\Desktop\HCP FUZZ\HCP_Fuzzing\results_server.go:160.26,162.20 2 1
C:\Users\CarlosAlbertoAcevesC\Desktop\HCP FUZZ\HCP_Fuzzing\results_server.go:162.20,164.4 1 1
C:\Users\CarlosAlbertoAcevesC\Desktop\HCP FUZZ\HCP_Fuzzing\results_server.go:166.2,166.16 1 1
C:\Users\CarlosAlbertoAcevesC\Desktop\HCP FUZZ\HCP_Fuzzing\results_server.go:169.98,170.23 1 1
C:\Users\CarlosAlbertoAcevesC\Desktop\HCP FUZZ\HCP_Fuzzing\results_server.go:170.23,170.39 1 1
C:\Users\CarlosAlbertoAcevesC\Desktop\HCP FUZZ\HCP_Fuzzing\results_server.go:171.2,171.42 1 1
C:\Users\CarlosAlbertoAcevesC\Desktop\HCP FUZZ\HCP_Fuzzing\results_server.go:171.42,173.3 1 1
C:\Users\CarlosAlbertoAcevesC\Desktop\HCP FUZZ\HCP_Fuzzing\results_server.go:175.2,176.28 2 1
C:\Users\CarlosAlbertoAcevesC\Desktop\HCP FUZZ\HCP_Fuzzing\results_server.go:176.28,176.44 1 1
C:\Users\CarlosAlbertoAcevesC\Desktop\HCP FUZZ\HCP_Fuzzing\results_server.go:178.2,180.28 3 1
C:\Users\CarlosAlbertoAcevesC\Desktop\HCP FUZZ\HCP_Fuzzing\results_server.go:180.28,181.18 1 1
C:\Users\CarlosAlbertoAcevesC\Desktop\HCP FUZZ\HCP_Fuzzing\results_server.go:181.18,181.42 2 1
C:\Users\CarlosAlbertoAcevesC\Desktop\HCP FUZZ\HCP_Fuzzing\results_server.go:183.2,183.15 1 1
C:\Users\CarlosAlbertoAcevesC\Desktop\HCP FUZZ\HCP_Fuzzing\results_server.go:183.15,183.31 1 1
C:\Users\CarlosAlbertoAcevesC\Desktop\HCP FUZZ\HCP_Fuzzing\results_server.go:185.2,186.27 2 1
C:\Users\CarlosAlbertoAcevesC\Desktop\HCP FUZZ\HCP_Fuzzing\results_server.go:186.27,188.30 2 1
C:\Users\CarlosAlbertoAcevesC\Desktop\HCP FUZZ\HCP_Fuzzing\results_server.go:188.30,189.17 1 1
C:\Users\CarlosAlbertoAcevesC\Desktop\HCP FUZZ\HCP_Fuzzing\results_server.go:189.17,189.33 1 1
C:\Users\CarlosAlbertoAcevesC\Desktop\HCP FUZZ\HCP_Fuzzing\results_server.go:192.2,192.13 1 1
C:\Users\CarlosAlbertoAcevesC\Desktop\HCP FUZZ\HCP_Fuzzing\results_server.go:195.61,206.29 8 1
C:\Users\CarlosAlbertoAcevesC\Desktop\HCP FUZZ\HCP_Fuzzing\results_server.go:206.29,207.45 1 1
C:\Users\CarlosAlbertoAcevesC\Desktop\HCP FUZZ\HCP_Fuzzing\results_server.go:207.45,207.55 1 1
C:\Users\CarlosAlbertoAcevesC\Desktop\HCP FUZZ\HCP_Fuzzing\results_server.go:208.3,210.22 3 1
C:\Users\CarlosAlbertoAcevesC\Desktop\HCP FUZZ\HCP_Fuzzing\results_server.go:210.22,212.75 2 1
C:\Users\CarlosAlbertoAcevesC\Desktop\HCP FUZZ\HCP_Fuzzing\results_server.go:212.75,215.20 3 1
C:\Users\CarlosAlbertoAcevesC\Desktop\HCP FUZZ\HCP_Fuzzing\results_server.go:215.20,215.27 1 0
C:\Users\CarlosAlbertoAcevesC\Desktop\HCP FUZZ\HCP_Fuzzing\results_server.go:218.3,219.18 2 1
C:\Users\CarlosAlbertoAcevesC\Desktop\HCP FUZZ\HCP_Fuzzing\results_server.go:219.18,219.25 1 0
C:\Users\CarlosAlbertoAcevesC\Desktop\HCP FUZZ\HCP_Fuzzing\results_server.go:221.2,221.20 1 1
C:\Users\CarlosAlbertoAcevesC\Desktop\HCP FUZZ\HCP_Fuzzing\results_server.go:224.53,226.41 2 1
C:\Users\CarlosAlbertoAcevesC\Desktop\HCP FUZZ\HCP_Fuzzing\results_server.go:226.41,228.3 1 1
C:\Users\CarlosAlbertoAcevesC\Desktop\HCP FUZZ\HCP_Fuzzing\results_server.go:228.8,230.3 1 1
C:\Users\CarlosAlbertoAcevesC\Desktop\HCP FUZZ\HCP_Fuzzing\results_server.go:232.2,235.29 3 1
C:\Users\CarlosAlbertoAcevesC\Desktop\HCP FUZZ\HCP_Fuzzing\results_server.go:235.29,236.45 1 1
C:\Users\CarlosAlbertoAcevesC\Desktop\HCP FUZZ\HCP_Fuzzing\results_server.go:236.45,236.55 1 1
C:\Users\CarlosAlbertoAcevesC\Desktop\HCP FUZZ\HCP_Fuzzing\results_server.go:237.3,238.17 2 1
C:\Users\CarlosAlbertoAcevesC\Desktop\HCP FUZZ\HCP_Fuzzing\results_server.go:238.17,238.27 1 1
C:\Users\CarlosAlbertoAcevesC\Desktop\HCP FUZZ\HCP_Fuzzing\results_server.go:240.3,241.22 2 1
C:\Users\CarlosAlbertoAcevesC\Desktop\HCP FUZZ\HCP_Fuzzing\results_server.go:241.22,243.79 2 1
C:\Users\CarlosAlbertoAcevesC\Desktop\HCP FUZZ\HCP_Fuzzing\results_server.go:243.79,245.5 1 1
C:\Users\CarlosAlbertoAcevesC\Desktop\HCP FUZZ\HCP_Fuzzing\results_server.go:247.3,247.12 1 1
C:\Users\CarlosAlbertoAcevesC\Desktop\HCP FUZZ\HCP_Fuzzing\results_server.go:250.2,250.29 1 1
C:\Users\CarlosAlbertoAcevesC\Desktop\HCP FUZZ\HCP_Fuzzing\results_server.go:250.29,252.3 1 0
C:\Users\CarlosAlbertoAcevesC\Desktop\HCP FUZZ\HCP_Fuzzing\results_server.go:253.2,253.41 1 1
C:\Users\CarlosAlbertoAcevesC\Desktop\HCP FUZZ\HCP_Fuzzing\results_server.go:260.56,274.2 4 1
C:\Users\CarlosAlbertoAcevesC\Desktop\HCP FUZZ\HCP_Fuzzing\results_server.go:276.58,291.29 11 1
C:\Users\CarlosAlbertoAcevesC\Desktop\HCP FUZZ\HCP_Fuzzing\results_server.go:291.29,292.45 1 1
C:\Users\CarlosAlbertoAcevesC\Desktop\HCP FUZZ\HCP_Fuzzing\results_server.go:292.45,292.55 1 1
C:\Users\CarlosAlbertoAcevesC\Desktop\HCP FUZZ\HCP_Fuzzing\results_server.go:293.3,295.22 3 1
C:\Users\CarlosAlbertoAcevesC\Desktop\HCP FUZZ\HCP_Fuzzing\results_server.go:295.22,297.75 2 1
C:\Users\CarlosAlbertoAcevesC\Desktop\HCP FUZZ\HCP_Fuzzing\results_server.go:297.75,303.29 5 1
C:\Users\CarlosAlbertoAcevesC\Desktop\HCP FUZZ\HCP_Fuzzing\results_server.go:303.29,303.56 1 1
C:\Users\CarlosAlbertoAcevesC\Desktop\HCP FUZZ\HCP_Fuzzing\results_server.go:304.5,305.27 2 1
C:\Users\CarlosAlbertoAcevesC\Desktop\HCP FUZZ\HCP_Fuzzing\results_server.go:305.27,305.50 1 1
C:\Users\CarlosAlbertoAcevesC\Desktop\HCP FUZZ\HCP_Fuzzing\results_server.go:307.5,307.23 1 1
C:\Users\CarlosAlbertoAcevesC\Desktop\HCP FUZZ\HCP_Fuzzing\results_server.go:307.23,309.6 1 1
C:\Users\CarlosAlbertoAcevesC\Desktop\HCP FUZZ\HCP_Fuzzing\results_server.go:309.11,311.6 1 0
C:\Users\CarlosAlbertoAcevesC\Desktop\HCP FUZZ\HCP_Fuzzing\results_server.go:312.5,312.12 1 1
C:\Users\CarlosAlbertoAcevesC\Desktop\HCP FUZZ\HCP_Fuzzing\results_server.go:315.3,315.12 1 1
C:\Users\CarlosAlbertoAcevesC\Desktop\HCP FUZZ\HCP_Fuzzing\results_server.go:317.2,317.16 1 1
C:\Users\CarlosAlbertoAcevesC\Desktop\HCP FUZZ\HCP_Fuzzing\results_server.go:317.16,319.3 1 1
C:\Users\CarlosAlbertoAcevesC\Desktop\HCP FUZZ\HCP_Fuzzing\results_server.go:322.57,329.18 5 1
C:\Users\CarlosAlbertoAcevesC\Desktop\HCP FUZZ\HCP_Fuzzing\results_server.go:329.18,331.3 1 1
C:\Users\CarlosAlbertoAcevesC\Desktop\HCP FUZZ\HCP_Fuzzing\results_server.go:331.8,333.3 1 1
C:\Users\CarlosAlbertoAcevesC\Desktop\HCP FUZZ\HCP_Fuzzing\results_server.go:336.56,341.16 4 1
C:\Users\CarlosAlbertoAcevesC\Desktop\HCP FUZZ\HCP_Fuzzing\results_server.go:342.16,347.18 5 1
C:\Users\CarlosAlbertoAcevesC\Desktop\HCP FUZZ\HCP_Fuzzing\results_server.go:347.18,347.33 1 1
C:\Users\CarlosAlbertoAcevesC\Desktop\HCP FUZZ\HCP_Fuzzing\results_server.go:348.3,351.37 3 1
C:\Users\CarlosAlbertoAcevesC\Desktop\HCP FUZZ\HCP_Fuzzing\results_server.go:351.37,353.4 1 1
C:\Users\CarlosAlbertoAcevesC\Desktop\HCP FUZZ\HCP_Fuzzing\results_server.go:353.9,355.4 1 0
C:\Users\CarlosAlbertoAcevesC\Desktop\HCP FUZZ\HCP_Fuzzing\results_server.go:356.14,358.35 2 1
C:\Users\CarlosAlbertoAcevesC\Desktop\HCP FUZZ\HCP_Fuzzing\results_server.go:358.35,360.4 1 1
C:\Users\CarlosAlbertoAcevesC\Desktop\HCP FUZZ\HCP_Fuzzing\results_server.go:360.9,362.4 1 0
C:\Users\CarlosAlbertoAcevesC\Desktop\HCP FUZZ\HCP_Fuzzing\results_server.go:363.15,365.27 2 1
C:\Users\CarlosAlbertoAcevesC\Desktop\HCP FUZZ\HCP_Fuzzing\results_server.go:365.27,366.43 1 0
C:\Users\CarlosAlbertoAcevesC\Desktop\HCP FUZZ\HCP_Fuzzing\results_server.go:366.43,368.5 1 0
C:\Users\CarlosAlbertoAcevesC\Desktop\HCP FUZZ\HCP_Fuzzing\results_server.go:370.3,370.32 1 1
C:\Users\CarlosAlbertoAcevesC\Desktop\HCP FUZZ\HCP_Fuzzing\results_server.go:371.10,372.26 1 1
C:\Users\CarlosAlbertoAcevesC\Desktop\HCP FUZZ\HCP_Fuzzing\results_server.go:375.2,375.53 1 1
C:\Users\CarlosAlbertoAcevesC\Desktop\HCP FUZZ\HCP_Fuzzing\results_server.go:378.57,385.30 5 1
C:\Users\CarlosAlbertoAcevesC\Desktop\HCP FUZZ\HCP_Fuzzing\results_server.go:385.30,389.3 3 1
C:\Users\CarlosAlbertoAcevesC\Desktop\HCP FUZZ\HCP_Fuzzing\results_server.go:389.8,394.23 5 1
C:\Users\CarlosAlbertoAcevesC\Desktop\HCP FUZZ\HCP_Fuzzing\results_server.go:394.23,396.4 1 0
C:\Users\CarlosAlbertoAcevesC\Desktop\HCP FUZZ\HCP_Fuzzing\results_server.go:397.3,397.44 1 1
C:\Users\CarlosAlbertoAcevesC\Desktop\HCP FUZZ\HCP_Fuzzing\results_server.go:400.2,400.25 1 1
C:\Users\CarlosAlbertoAcevesC\Desktop\HCP FUZZ\HCP_Fuzzing\results_server.go:400.25,403.3 2 1
C:\Users\CarlosAlbertoAcevesC\Desktop\HCP FUZZ\HCP_Fuzzing\results_server.go:405.2,406.20 2 0
C:\Users\CarlosAlbertoAcevesC\Desktop\HCP FUZZ\HCP_Fuzzing\results_server.go:407.15,408.243 1 0
C:\Users\CarlosAlbertoAcevesC\Desktop\HCP FUZZ\HCP_Fuzzing\results_server.go:409.17,410.147 1 0
C:\Users\CarlosAlbertoAcevesC\Desktop\HCP FUZZ\HCP_Fuzzing\results_server.go:411.17,412.149 1 0
C:\Users\CarlosAlbertoAcevesC\Desktop\HCP FUZZ\HCP_Fuzzing\results_server.go:413.10,414.70 1 0
C:\Users\CarlosAlbertoAcevesC\Desktop\HCP FUZZ\HCP_Fuzzing\results_server.go:417.2,432.16 5 0
C:\Users\CarlosAlbertoAcevesC\Desktop\HCP FUZZ\HCP_Fuzzing\results_server.go:432.16,434.3 1 0
C:\Users\CarlosAlbertoAcevesC\Desktop\HCP FUZZ\HCP_Fuzzing\results_server.go:434.8,436.40 2 0
C:\Users\CarlosAlbertoAcevesC\Desktop\HCP FUZZ\HCP_Fuzzing\results_server.go:436.40,439.4 2 0
C:\Users\CarlosAlbertoAcevesC\Desktop\HCP FUZZ\HCP_Fuzzing\results_server.go:439.9,441.4 1 0
C:\Users\CarlosAlbertoAcevesC\Desktop\HCP FUZZ\HCP_Fuzzing\results_server.go:444.2,444.55 1 0
C:\Users\CarlosAlbertoAcevesC\Desktop\HCP FUZZ\HCP_Fuzzing\results_server.go:458.59,460.19 2 1
C:\Users\CarlosAlbertoAcevesC\Desktop\HCP FUZZ\HCP_Fuzzing\results_server.go:460.19,460.36 1 1
C:\Users\CarlosAlbertoAcevesC\Desktop\HCP FUZZ\HCP_Fuzzing\results_server.go:461.2,462.16 2 1
C:\Users\CarlosAlbertoAcevesC\Desktop\HCP FUZZ\HCP_Fuzzing\results_server.go:462.16,465.3 2 1
C:\Users\CarlosAlbertoAcevesC\Desktop\HCP FUZZ\HCP_Fuzzing\results_server.go:466.2,467.16 2 1
C:\Users\CarlosAlbertoAcevesC\Desktop\HCP FUZZ\HCP_Fuzzing\results_server.go:467.16,470.3 2 1
C:\Users\CarlosAlbertoAcevesC\Desktop\HCP FUZZ\HCP_Fuzzing\results_server.go:471.2,472.28 2 1
C:\Users\CarlosAlbertoAcevesC\Desktop\HCP FUZZ\HCP_Fuzzing\results_server.go:472.28,474.26 2 1
C:\Users\CarlosAlbertoAcevesC\Desktop\HCP FUZZ\HCP_Fuzzing\results_server.go:474.26,474.36 1 1
C:\Users\CarlosAlbertoAcevesC\Desktop\HCP FUZZ\HCP_Fuzzing\results_server.go:475.3,476.17 2 1
C:\Users\CarlosAlbertoAcevesC\Desktop\HCP FUZZ\HCP_Fuzzing\results_server.go:476.17,477.41 1 1
C:\Users\CarlosAlbertoAcevesC\Desktop\HCP FUZZ\HCP_Fuzzing\results_server.go:477.41,479.5 1 1
C:\Users\CarlosAlbertoAcevesC\Desktop\HCP FUZZ\HCP_Fuzzing\results_server.go:481.3,481.16 1 1
C:\Users\CarlosAlbertoAcevesC\Desktop\HCP FUZZ\HCP_Fuzzing\results_server.go:481.16,481.43 1 1
C:\Users\CarlosAlbertoAcevesC\Desktop\HCP FUZZ\HCP_Fuzzing\results_server.go:481.48,481.78 1 1
C:\Users\CarlosAlbertoAcevesC\Desktop\HCP FUZZ\HCP_Fuzzing\results_server.go:483.2,483.39 1 1
C:\Users\CarlosAlbertoAcevesC\Desktop\HCP FUZZ\HCP_Fuzzing\results_server.go:483.39,483.111 1 1
C:\Users\CarlosAlbertoAcevesC\Desktop\HCP FUZZ\HCP_Fuzzing\results_server.go:484.2,484.40 1 1
C:\Users\CarlosAlbertoAcevesC\Desktop\HCP FUZZ\HCP_Fuzzing\results_server.go:484.40,484.114 1 1
C:\Users\CarlosAlbertoAcevesC\Desktop\HCP FUZZ\HCP_Fuzzing\results_server.go:485.2,486.19 2 1
C:\Users\CarlosAlbertoAcevesC\Desktop\HCP FUZZ\HCP_Fuzzing\results_server.go:486.19,486.45 1 1
C:\Users\CarlosAlbertoAcevesC\Desktop\HCP FUZZ\HCP_Fuzzing\results_server.go:487.2,487.26 1 1
C:\Users\CarlosAlbertoAcevesC\Desktop\HCP FUZZ\HCP_Fuzzing\results_server.go:490.58,493.16 3 1
C:\Users\CarlosAlbertoAcevesC\Desktop\HCP FUZZ\HCP_Fuzzing\results_server.go:493.16,496.3 2 1
C:\Users\CarlosAlbertoAcevesC\Desktop\HCP FUZZ\HCP_Fuzzing\results_server.go:497.2,498.21 2 1
C:\Users\CarlosAlbertoAcevesC\Desktop\HCP FUZZ\HCP_Fuzzing\results_server.go:498.21,501.3 2 1
C:\Users\CarlosAlbertoAcevesC\Desktop\HCP FUZZ\HCP_Fuzzing\results_server.go:502.2,503.16 2 1
C:\Users\CarlosAlbertoAcevesC\Desktop\HCP FUZZ\HCP_Fuzzing\results_server.go:503.16,506.3 2 1
C:\Users\CarlosAlbertoAcevesC\Desktop\HCP FUZZ\HCP_Fuzzing\results_server.go:507.2,507.84 1 1
C:\Users\CarlosAlbertoAcevesC\Desktop\HCP FUZZ\HCP_Fuzzing\results_server.go:510.59,515.61 2 1
C:\Users\CarlosAlbertoAcevesC\Desktop\HCP FUZZ\HCP_Fuzzing\results_server.go:515.61,518.3 2 1
C:\Users\CarlosAlbertoAcevesC\Desktop\HCP FUZZ\HCP_Fuzzing\results_server.go:519.2,520.16 2 1
C:\Users\CarlosAlbertoAcevesC\Desktop\HCP FUZZ\HCP_Fuzzing\results_server.go:520.16,523.3 2 1
C:\Users\CarlosAlbertoAcevesC\Desktop\HCP FUZZ\HCP_Fuzzing\results_server.go:524.2,524.74 1 1
C:\Users\CarlosAlbertoAcevesC\Desktop\HCP FUZZ\HCP_Fuzzing\results_server.go:524.74,527.3 2 0
C:\Users\CarlosAlbertoAcevesC\Desktop\HCP FUZZ\HCP_Fuzzing\results_server.go:528.2,528.70 1 1
C:\Users\CarlosAlbertoAcevesC\Desktop\HCP FUZZ\HCP_Fuzzing\results_server.go:531.60,536.61 2 1
C:\Users\CarlosAlbertoAcevesC\Desktop\HCP FUZZ\HCP_Fuzzing\results_server.go:536.61,539.3 2 1
C:\Users\CarlosAlbertoAcevesC\Desktop\HCP FUZZ\HCP_Fuzzing\results_server.go:540.2,541.16 2 1
C:\Users\CarlosAlbertoAcevesC\Desktop\HCP FUZZ\HCP_Fuzzing\results_server.go:541.16,544.3 2 1
C:\Users\CarlosAlbertoAcevesC\Desktop\HCP FUZZ\HCP_Fuzzing\results_server.go:545.2,545.15 1 1
C:\Users\CarlosAlbertoAcevesC\Desktop\HCP FUZZ\HCP_Fuzzing\results_server.go:545.15,547.3 1 1
C:\Users\CarlosAlbertoAcevesC\Desktop\HCP FUZZ\HCP_Fuzzing\results_server.go:547.8,550.3 2 1
C:\Users\CarlosAlbertoAcevesC\Desktop\HCP FUZZ\HCP_Fuzzing\results_server.go:551.2,551.16 1 1
C:\Users\CarlosAlbertoAcevesC\Desktop\HCP FUZZ\HCP_Fuzzing\results_server.go:551.16,554.3 2 0
C:\Users\CarlosAlbertoAcevesC\Desktop\HCP FUZZ\HCP_Fuzzing\results_server.go:555.2,555.72 1 1
C:\Users\CarlosAlbertoAcevesC\Desktop\HCP FUZZ\HCP_Fuzzing\results_server.go:558.60,561.16 3 1
C:\Users\CarlosAlbertoAcevesC\Desktop\HCP FUZZ\HCP_Fuzzing\results_server.go:561.16,564.3 2 1
C:\Users\CarlosAlbertoAcevesC\Desktop\HCP FUZZ\HCP_Fuzzing\results_server.go:565.2,565.47 1 1
C:\Users\CarlosAlbertoAcevesC\Desktop\HCP FUZZ\HCP_Fuzzing\results_server.go:565.47,568.3 2 0
C:\Users\CarlosAlbertoAcevesC\Desktop\HCP FUZZ\HCP_Fuzzing\results_server.go:569.2,569.71 1 1
C:\Users\CarlosAlbertoAcevesC\Desktop\HCP FUZZ\HCP_Fuzzing\results_server.go:572.60,577.61 2 1
C:\Users\CarlosAlbertoAcevesC\Desktop\HCP FUZZ\HCP_Fuzzing\results_server.go:577.61,580.3 2 1
C:\Users\CarlosAlbertoAcevesC\Desktop\HCP FUZZ\HCP_Fuzzing\results_server.go:581.2,582.16 2 1
C:\Users\CarlosAlbertoAcevesC\Desktop\HCP FUZZ\HCP_Fuzzing\results_server.go:582.16,585.3 2 1
C:\Users\CarlosAlbertoAcevesC\Desktop\HCP FUZZ\HCP_Fuzzing\results_server.go:586.2,587.16 2 1
C:\Users\CarlosAlbertoAcevesC\Desktop\HCP FUZZ\HCP_Fuzzing\results_server.go:587.16,590.3 2 1
C:\Users\CarlosAlbertoAcevesC\Desktop\HCP FUZZ\HCP_Fuzzing\results_server.go:591.2,591.52 1 1
C:\Users\CarlosAlbertoAcevesC\Desktop\HCP FUZZ\HCP_Fuzzing\results_server.go:591.52,594.3 2 1
C:\Users\CarlosAlbertoAcevesC\Desktop\HCP FUZZ\HCP_Fuzzing\results_server.go:595.2,595.72 1 1
C:\Users\CarlosAlbertoAcevesC\Desktop\HCP FUZZ\HCP_Fuzzing\results_server.go:598.63,600.16 2 1
C:\Users\CarlosAlbertoAcevesC\Desktop\HCP FUZZ\HCP_Fuzzing\results_server.go:600.16,603.3 2 0
C:\Users\CarlosAlbertoAcevesC\Desktop\HCP FUZZ\HCP_Fuzzing\results_server.go:604.2,605.39 2 1
C:\Users\CarlosAlbertoAcevesC\Desktop\HCP FUZZ\HCP_Fuzzing\results_server.go:605.39,609.3 3 1
C:\Users\CarlosAlbertoAcevesC\Desktop\HCP FUZZ\HCP_Fuzzing\results_server.go:611.2,615.16 4 1
C:\Users\CarlosAlbertoAcevesC\Desktop\HCP FUZZ\HCP_Fuzzing\results_server.go:615.16,619.3 3 0
C:\Users\CarlosAlbertoAcevesC\Desktop\HCP FUZZ\HCP_Fuzzing\results_server.go:621.2,622.16 2 1
C:\Users\CarlosAlbertoAcevesC\Desktop\HCP FUZZ\HCP_Fuzzing\results_server.go:622.16,626.3 3 0
C:\Users\CarlosAlbertoAcevesC\Desktop\HCP FUZZ\HCP_Fuzzing\results_server.go:627.2,630.36 3 1
C:\Users\CarlosAlbertoAcevesC\Desktop\HCP FUZZ\HCP_Fuzzing\results_server.go:630.36,634.3 3 0
C:\Users\CarlosAlbertoAcevesC\Desktop\HCP FUZZ\HCP_Fuzzing\results_server.go:636.2,639.12 3 1
C:\Users\CarlosAlbertoAcevesC\Desktop\HCP FUZZ\HCP_Fuzzing\results_server.go:639.12,642.7 3 1
C:\Users\CarlosAlbertoAcevesC\Desktop\HCP FUZZ\HCP_Fuzzing\results_server.go:642.7,644.13 2 1
C:\Users\CarlosAlbertoAcevesC\Desktop\HCP FUZZ\HCP_Fuzzing\results_server.go:644.13,645.56 1 1
C:\Users\CarlosAlbertoAcevesC\Desktop\HCP FUZZ\HCP_Fuzzing\results_server.go:645.56,646.11 1 0
C:\Users\CarlosAlbertoAcevesC\Desktop\HCP FUZZ\HCP_Fuzzing\results_server.go:649.4,649.18 1 1
C:\Users\CarlosAlbertoAcevesC\Desktop\HCP FUZZ\HCP_Fuzzing\results_server.go:649.18,649.25 1 1
C:\Users\CarlosAlbertoAcevesC\Desktop\HCP FUZZ\HCP_Fuzzing\results_server.go:653.2,653.6 1 1
C:\Users\CarlosAlbertoAcevesC\Desktop\HCP FUZZ\HCP_Fuzzing\results_server.go:653.6,655.17 2 1
C:\Users\CarlosAlbertoAcevesC\Desktop\HCP FUZZ\HCP_Fuzzing\results_server.go:655.17,655.24 1 1
C:\Users\CarlosAlbertoAcevesC\Desktop\HCP FUZZ\HCP_Fuzzing\results_server.go:656.3,657.30 2 1
C:\Users\CarlosAlbertoAcevesC\Desktop\HCP FUZZ\HCP_Fuzzing\results_server.go:660.2,665.8 6 1
C:\Users\CarlosAlbertoAcevesC\Desktop\HCP FUZZ\HCP_Fuzzing\results_server.go:668.61,675.61 2 1
C:\Users\CarlosAlbertoAcevesC\Desktop\HCP FUZZ\HCP_Fuzzing\results_server.go:675.61,678.3 2 1
C:\Users\CarlosAlbertoAcevesC\Desktop\HCP FUZZ\HCP_Fuzzing\results_server.go:679.2,679.19 1 1
C:\Users\CarlosAlbertoAcevesC\Desktop\HCP FUZZ\HCP_Fuzzing\results_server.go:679.19,682.3 2 1
C:\Users\CarlosAlbertoAcevesC\Desktop\HCP FUZZ\HCP_Fuzzing\results_server.go:683.2,683.22 1 1
C:\Users\CarlosAlbertoAcevesC\Desktop\HCP FUZZ\HCP_Fuzzing\results_server.go:683.22,683.44 1 1
C:\Users\CarlosAlbertoAcevesC\Desktop\HCP FUZZ\HCP_Fuzzing\results_server.go:685.2,686.20 2 1
C:\Users\CarlosAlbertoAcevesC\Desktop\HCP FUZZ\HCP_Fuzzing\results_server.go:686.20,686.64 1 1
C:\Users\CarlosAlbertoAcevesC\Desktop\HCP FUZZ\HCP_Fuzzing\results_server.go:688.2,689.16 2 1
C:\Users\CarlosAlbertoAcevesC\Desktop\HCP FUZZ\HCP_Fuzzing\results_server.go:689.16,692.3 2 0
C:\Users\CarlosAlbertoAcevesC\Desktop\HCP FUZZ\HCP_Fuzzing\results_server.go:693.2,693.32 1 1
C:\Users\CarlosAlbertoAcevesC\Desktop\HCP FUZZ\HCP_Fuzzing\results_server.go:693.32,694.33 1 1
C:\Users\CarlosAlbertoAcevesC\Desktop\HCP FUZZ\HCP_Fuzzing\results_server.go:694.33,694.61 1 1
C:\Users\CarlosAlbertoAcevesC\Desktop\HCP FUZZ\HCP_Fuzzing\results_server.go:697.2,702.16 5 1
C:\Users\CarlosAlbertoAcevesC\Desktop\HCP FUZZ\HCP_Fuzzing\results_server.go:702.16,705.3 2 1
C:\Users\CarlosAlbertoAcevesC\Desktop\HCP FUZZ\HCP_Fuzzing\results_server.go:706.2,710.32 4 1
C:\Users\CarlosAlbertoAcevesC\Desktop\HCP FUZZ\HCP_Fuzzing\results_server.go:710.32,710.74 1 1
C:\Users\CarlosAlbertoAcevesC\Desktop\HCP FUZZ\HCP_Fuzzing\results_server.go:712.2,719.4 1 1
C:\Users\CarlosAlbertoAcevesC\Desktop\HCP FUZZ\HCP_Fuzzing\results_server.go:722.60,726.17 3 1
C:\Users\CarlosAlbertoAcevesC\Desktop\HCP FUZZ\HCP_Fuzzing\results_server.go:726.17,729.3 2 1
C:\Users\CarlosAlbertoAcevesC\Desktop\HCP FUZZ\HCP_Fuzzing\results_server.go:731.2,740.19 3 1
C:\Users\CarlosAlbertoAcevesC\Desktop\HCP FUZZ\HCP_Fuzzing\results_server.go:740.19,743.3 2 1
C:\Users\CarlosAlbertoAcevesC\Desktop\HCP FUZZ\HCP_Fuzzing\results_server.go:744.2,744.21 1 1
C:\Users\CarlosAlbertoAcevesC\Desktop\HCP FUZZ\HCP_Fuzzing\results_server.go:744.21,744.40 1 1
C:\Users\CarlosAlbertoAcevesC\Desktop\HCP FUZZ\HCP_Fuzzing\results_server.go:745.2,745.23 1 1
C:\Users\CarlosAlbertoAcevesC\Desktop\HCP FUZZ\HCP_Fuzzing\results_server.go:745.23,745.46 1 1
C:\Users\CarlosAlbertoAcevesC\Desktop\HCP FUZZ\HCP_Fuzzing\results_server.go:747.2,748.24 2 1
C:\Users\CarlosAlbertoAcevesC\Desktop\HCP FUZZ\HCP_Fuzzing\results_server.go:748.24,750.3 1 1
C:\Users\CarlosAlbertoAcevesC\Desktop\HCP FUZZ\HCP_Fuzzing\results_server.go:751.2,751.21 1 1
C:\Users\CarlosAlbertoAcevesC\Desktop\HCP FUZZ\HCP_Fuzzing\results_server.go:751.21,753.3 1 1
C:\Users\CarlosAlbertoAcevesC\Desktop\HCP FUZZ\HCP_Fuzzing\results_server.go:755.2,760.16 5 1
C:\Users\CarlosAlbertoAcevesC\Desktop\HCP FUZZ\HCP_Fuzzing\results_server.go:760.16,763.3 2 0
C:\Users\CarlosAlbertoAcevesC\Desktop\HCP FUZZ\HCP_Fuzzing\results_server.go:764.2,766.40 2 1
C:\Users\CarlosAlbertoAcevesC\Desktop\HCP FUZZ\HCP_Fuzzing\results_server.go:766.40,769.3 2 0
C:\Users\CarlosAlbertoAcevesC\Desktop\HCP FUZZ\HCP_Fuzzing\results_server.go:771.2,773.12 2 1
C:\Users\CarlosAlbertoAcevesC\Desktop\HCP FUZZ\HCP_Fuzzing\results_server.go:773.12,776.22 3 1
C:\Users\CarlosAlbertoAcevesC\Desktop\HCP FUZZ\HCP_Fuzzing\results_server.go:776.22,779.26 3 0
C:\Users\CarlosAlbertoAcevesC\Desktop\HCP FUZZ\HCP_Fuzzing\results_server.go:779.26,779.66 1 0
C:\Users\CarlosAlbertoAcevesC\Desktop\HCP FUZZ\HCP_Fuzzing\results_server.go:780.4,780.19 1 0
C:\Users\CarlosAlbertoAcevesC\Desktop\HCP FUZZ\HCP_Fuzzing\results_server.go:782.3,786.18 5 1
C:\Users\CarlosAlbertoAcevesC\Desktop\HCP FUZZ\HCP_Fuzzing\results_server.go:789.2,789.74 1 1
C:\Users\CarlosAlbertoAcevesC\Desktop\HCP FUZZ\HCP_Fuzzing\results_server.go:792.58,796.46 3 1
C:\Users\CarlosAlbertoAcevesC\Desktop\HCP FUZZ\HCP_Fuzzing\results_server.go:796.46,800.3 3 0
C:\Users\CarlosAlbertoAcevesC\Desktop\HCP FUZZ\HCP_Fuzzing\results_server.go:801.2,801.73 1 1
C:\Users\CarlosAlbertoAcevesC\Desktop\HCP FUZZ\HCP_Fuzzing\results_server.go:804.60,810.28 5 1
C:\Users\CarlosAlbertoAcevesC\Desktop\HCP FUZZ\HCP_Fuzzing\results_server.go:810.28,810.79 1 1
C:\Users\CarlosAlbertoAcevesC\Desktop\HCP FUZZ\HCP_Fuzzing\results_server.go:811.2,818.4 3 1
C:\Users\CarlosAlbertoAcevesC\Desktop\HCP FUZZ\HCP_Fuzzing\results_server.go:821.64,824.16 3 1
C:\Users\CarlosAlbertoAcevesC\Desktop\HCP FUZZ\HCP_Fuzzing\results_server.go:824.16,827.3 2 1
C:\Users\CarlosAlbertoAcevesC\Desktop\HCP FUZZ\HCP_Fuzzing\results_server.go:828.2,833.16 5 1
C:\Users\CarlosAlbertoAcevesC\Desktop\HCP FUZZ\HCP_Fuzzing\results_server.go:833.16,836.3 2 0
C:\Users\CarlosAlbertoAcevesC\Desktop\HCP FUZZ\HCP_Fuzzing\results_server.go:837.2,840.80 3 1
C:\Users\CarlosAlbertoAcevesC\Desktop\HCP FUZZ\HCP_Fuzzing\results_server.go:843.57,846.16 3 1
C:\Users\CarlosAlbertoAcevesC\Desktop\HCP FUZZ\HCP_Fuzzing\results_server.go:847.14,847.58 1 1
C:\Users\CarlosAlbertoAcevesC\Desktop\HCP FUZZ\HCP_Fuzzing\results_server.go:848.13,848.66 1 1
C:\Users\CarlosAlbertoAcevesC\Desktop\HCP FUZZ\HCP_Fuzzing\results_server.go:849.10,849.69 1 1
C:\Users\CarlosAlbertoAcevesC\Desktop\HCP FUZZ\HCP_Fuzzing\results_server.go:851.2,855.16 4 1
C:\Users\CarlosAlbertoAcevesC\Desktop\HCP FUZZ\HCP_Fuzzing\results_server.go:855.16,855.66 1 1
C:\Users\CarlosAlbertoAcevesC\Desktop\HCP FUZZ\HCP_Fuzzing\results_server.go:856.2,856.55 1 1
C:\Users\CarlosAlbertoAcevesC\Desktop\HCP FUZZ\HCP_Fuzzing\results_server.go:864.56,889.29 5 1
C:\Users\CarlosAlbertoAcevesC\Desktop\HCP FUZZ\HCP_Fuzzing\results_server.go:889.29,895.17 5 1
C:\Users\CarlosAlbertoAcevesC\Desktop\HCP FUZZ\HCP_Fuzzing\results_server.go:895.17,896.19 1 1
C:\Users\CarlosAlbertoAcevesC\Desktop\HCP FUZZ\HCP_Fuzzing\results_server.go:896.19,898.13 2 1
C:\Users\CarlosAlbertoAcevesC\Desktop\HCP FUZZ\HCP_Fuzzing\results_server.go:900.4,902.9 3 1
C:\Users\CarlosAlbertoAcevesC\Desktop\HCP FUZZ\HCP_Fuzzing\results_server.go:904.3,904.58 1 1
C:\Users\CarlosAlbertoAcevesC\Desktop\HCP FUZZ\HCP_Fuzzing\results_server.go:907.2,907.14 1 1
C:\Users\CarlosAlbertoAcevesC\Desktop\HCP FUZZ\HCP_Fuzzing\results_server.go:907.14,911.3 3 1
C:\Users\CarlosAlbertoAcevesC\Desktop\HCP FUZZ\HCP_Fuzzing\results_server.go:913.2,913.78 1 1
C:\Users\CarlosAlbertoAcevesC\Desktop\HCP FUZZ\HCP_Fuzzing\results_server.go:920.57,921.23 1 1
C:\Users\CarlosAlbertoAcevesC\Desktop\HCP FUZZ\HCP_Fuzzing\results_server.go:921.23,924.3 2 1
C:\Users\CarlosAlbertoAcevesC\Desktop\HCP FUZZ\HCP_Fuzzing\results_server.go:925.2,926.30 2 1
C:\Users\CarlosAlbertoAcevesC\Desktop\HCP FUZZ\HCP_Fuzzing\results_server.go:929.13,932.16 3 0
C:\Users\CarlosAlbertoAcevesC\Desktop\HCP FUZZ\HCP_Fuzzing\results_server.go:932.16,934.3 1 0
C:\Users\CarlosAlbertoAcevesC\Desktop\HCP FUZZ\HCP_Fuzzing\results_server.go:937.2,938.76 2 0
C:\Users\CarlosAlbertoAcevesC\Desktop\HCP FUZZ\HCP_Fuzzing\results_server.go:938.76,939.19 1 0
C:\Users\CarlosAlbertoAcevesC\Desktop\HCP FUZZ\HCP_Fuzzing\results_server.go:940.14,940.32 1 0
C:\Users\CarlosAlbertoAcevesC\Desktop\HCP FUZZ\HCP_Fuzzing\results_server.go:941.15,941.34 1 0
C:\Users\CarlosAlbertoAcevesC\Desktop\HCP FUZZ\HCP_Fuzzing\results_server.go:942.17,942.37 1 0
C:\Users\CarlosAlbertoAcevesC\Desktop\HCP FUZZ\HCP_Fuzzing\results_server.go:943.11,943.52 1 0
C:\Users\CarlosAlbertoAcevesC\Desktop\HCP FUZZ\HCP_Fuzzing\results_server.go:946.2,966.79 16 0
C:\Users\CarlosAlbertoAcevesC\Desktop\HCP FUZZ\HCP_Fuzzing\results_server.go:966.79,966.101 1 0
C:\Users\CarlosAlbertoAcevesC\Desktop\HCP FUZZ\HCP_Fuzzing\results_server.go:967.2,970.49 3 0
